exports[`test should render an input 1`] = `
<form>
  <label>
    <input
      onChange={[Function]}
      type="text"
      value="hello" />
  </label>
</form>
`;
