exports[`test should render a todo item as a checkbox with a label 1`] = `
<label>
  <input
    checked={true}
    onChange={[Function]}
    onClick={[Function]}
    type="checkbox" />
   
  Get to Las Palmas ðŸŒ´
</label>
`;
